GZ7-UdhGllCTsFOPYLNpjic6sYVLL7zF1Pq9oupdWvA=glAsZiOMvPUQPIdv9axJIlQpaxzMDKDxNY_ItBLcka4=iP4UldFCGcAp6VIC12lzNBXBYvn2wnokVI__n58TDAI=mS9lSjTJkbUNe62H_SHNQN25I1Fv5daJm3g-nFELvGQ=VqFx9o6jW6aAU43HxKo8pOneBo868708T0Q-QEUHiLY=NWmVXuEpoJS3Xnxn1uhDrAuorKkwJamx6P3qEMA6_Dk=oF3kLC3neXmF2siTQ6uV1k5mERtXXRd5WIvu3uOVdYE=reFlTCpoubsqq0Lrr0qIBfpXtFqCt43oGq80dXxCG3g=HQwlJ-T5Iyn9hu4kQWpq7oZsQPDPqJ3ps23gM5xQ6C8=O4tYTSHGFUmzM9EsDwZES2CjFmNEvMYGcaXkHhzH560=